---
source: crates/interpreter/tests/it/transfer/erc1155_transfer.rs
expression: res
---
InterpretationResponse {
    chain_id: 1,
    gas_used: 52550,
    block_number: 16306968,
    success: true,
    traces: [
        CallTrace {
            call_type: Call,
            from: 0x4fd9d0ee6d6564e80a9ee00c0163fc952d0a45ed,
            to: 0x495f947276749ce646f68ac8c248420045cb7b5e,
            value: Some(
                0,
            ),
        },
    ],
    logs: [
        Log {
            address: 0x495f947276749ce646f68ac8c248420045cb7b5e,
            data: LogData {
                topics: [
                    0xc3d58168c5ae7397731d063d5bbf3d657854427343f4c083240f7aacaa2d0f62,
                    0x0000000000000000000000004fd9d0ee6d6564e80a9ee00c0163fc952d0a45ed,
                    0x0000000000000000000000004fd9d0ee6d6564e80a9ee00c0163fc952d0a45ed,
                    0x0000000000000000000000002af8ddab77a7c90a38cf26f29763365d0028cfef,
                ],
                data: 0x2af8ddab77a7c90a38cf26f29763365d0028cfef0000000000000100000000010000000000000000000000000000000000000000000000000000000000000001,
            },
        },
    ],
    exit_reason: Stop,
    actions: [
        InterpretationAction {
            action_type: ERC1155Send,
            address: Some(
                0x4fd9d0ee6d6564e80a9ee00c0163fc952d0a45ed,
            ),
        },
        InterpretationAction {
            action_type: ERC1155Receive,
            address: Some(
                0x2af8ddab77a7c90a38cf26f29763365d0028cfef,
            ),
        },
    ],
    asset_changes: [
        AssetChange {
            address: 0x4fd9d0ee6d6564e80a9ee00c0163fc952d0a45ed,
            before_amount: Some(
                1,
            ),
            after_amount: Some(
                0,
            ),
            amount: 1,
            action: InterpretationAction {
                action_type: ERC1155Send,
                address: Some(
                    0x4fd9d0ee6d6564e80a9ee00c0163fc952d0a45ed,
                ),
            },
            token: AssetToken {
                address: 0x495f947276749ce646f68ac8c248420045cb7b5e,
                token_id: Some(
                    19436847621256934005310036695213036766726316577505360454363262586838063251457,
                ),
                token_type: Erc1155,
            },
        },
        AssetChange {
            address: 0x2af8ddab77a7c90a38cf26f29763365d0028cfef,
            before_amount: Some(
                0,
            ),
            after_amount: Some(
                1,
            ),
            amount: 1,
            action: InterpretationAction {
                action_type: ERC1155Receive,
                address: Some(
                    0x2af8ddab77a7c90a38cf26f29763365d0028cfef,
                ),
            },
            token: AssetToken {
                address: 0x495f947276749ce646f68ac8c248420045cb7b5e,
                token_id: Some(
                    19436847621256934005310036695213036766726316577505360454363262586838063251457,
                ),
                token_type: Erc1155,
            },
        },
    ],
}
