// Vitest Snapshot v1, https://vitest.dev/guide/snapshot.html

exports[`decode 1`] = `
{
  "body": {
    "checkpoint": 1667830200n,
    "threshold": 1n,
    "tree": {
      "signature": "0x9fa7b7e8ed25088c413074818ac10ab3bbcddb120bbec85083f3ba254e5547d953fe615a6474fd365326244dedd7afa3911ad39c956ca096d721064d6b29055d1b02",
      "weight": 1n,
    },
  },
  "type": 0,
}
`;
