---
source: crates/notifier/src/types.rs
expression: "format!(\"{:?}\", * USER_NOTIFICATION_DEFAULT_ENABLED)"
---
{"WEB-INVITE_CODE_ACCEPTED": true}
