---
source: crates/notifier/src/types.rs
expression: "format!(\"{:?}\", * WALLET_NOTIFICATION_DEFAULT_ENABLED)"
---
{"WEB-TRANSACTION_WITH_USER_OPERATION_EXECUTED": true, "WEB-USER_OPERATION_CREATED": true, "WEB-USER_OPERATION_EXECUTED": true}
