---
source: crates/notifier/src/types.rs
expression: "format!(\"{:?}\", * USER_NOTIFICATION_KEYS)"
---
["INVITE_CODE_ACCEPTED"]
