---
source: crates/notifier/src/constants.rs
expression: "format!(\"{:?}\", *NOTIFICATION_OPERATIONS)"
---
[UserOnly(InviteCodeAccepted), WalletOnly(UserOperationCreated), WalletOnly(UserOperationExecuted), WalletOnly(TransactionWithUserOperationExecuted)]
