---
source: crates/notifier/src/constants.rs
expression: "format!(\"{:?}\", *NOTIFICATIONS)"
---
[UserOnly(Web, InviteCodeAccepted), WalletOnly(Web, UserOperationCreated), WalletOnly(Web, UserOperationExecuted), WalletOnly(Web, TransactionWithUserOperationExecuted)]
