---
source: crates/graphql/src/wallets/mod.rs
expression: result.data
---
Some(
    MyQuery {
        light_wallets: [],
    },
)
