---
source: crates/graphql/src/wallets/mod.rs
expression: query.query
---
query MyQuery($n: Int!) {
  lightWallets(first: $n) {
    id
  }
}


